// Jest Snapshot v1, https://goo.gl/fbAQLP

exports[`changeControls component renders correctly 1`] = `
<ChangeControl
  onSetButton={[Function]}
  store={
    Object {
      "dispatch": [Function],
      "getState": [Function],
      "replaceReducer": [Function],
      "subscribe": [Function],
      Symbol(observable): [Function],
    }
  }
  tool="bucket"
/>
`;
